

==================================================================================
=== CALIBRE::DRC-H SUMMARY REPORT
===
Execution Date/Time:       Tue May 29 16:47:14 2018
Calibre Version:           v2011.4_14.13    Tue Nov 15 15:18:31 PST 2011
Rule File Pathname:        /home/md18.5/project/HAX1/_calibreDRC.rul_
Rule File Title:
Layout System:             GDS
Layout Path(s):            HA_X1.calibre.db
Layout Primary Cell:       HA_X1
Current Directory:         /home/md18.5/project/HAX1
User Name:                 md18.5
Maximum Results/RuleCheck: 1000
Maximum Result Vertices:   4096
DRC Results Database:      HA_X1.drc.results (ASCII)
Layout Depth:              ALL
Text Depth:                PRIMARY
Summary Report File:       HA_X1.drc.summary (REPLACE)
Geometry Flagging:         ACUTE = NO  SKEW = NO  ANGLED = NO  OFFGRID = NO
                           NONSIMPLE POLYGON = NO  NONSIMPLE PATH = NO
Excluded Cells:
CheckText Mapping:         COMMENT TEXT + RULE FILE INFORMATION
Layers:                    MEMORY-BASED
Keep Empty Checks:         YES
----------------------------------------------------------------------------------
--- RUNTIME WARNINGS
---
----------------------------------------------------------------------------------
--- ORIGINAL LAYER STATISTICS
---
LAYER pwell ...... TOTAL Original Geometry Count = 7  (7)
.
.
.
LAYER via9 ....... TOTAL Original Geometry Count = 0  (0)
----------------------------------------------------------------------------------
--- RULECHECK RESULTS STATISTICS
---
RULECHECK Well.1 ............ TOTAL Result Count = 0 (0)
.
.
.
RULECHECK Antenna.metal10 ... TOTAL Result Count = 0 (0)
----------------------------------------------------------------------------------
--- RULECHECK RESULTS STATISTICS (BY CELL)
---
----------------------------------------------------------------------------------
--- SUMMARY
---
TOTAL CPU Time:                  0
TOTAL REAL Time:                 0
TOTAL Original Layer Geometries: 223 (223)
TOTAL DRC RuleChecks Executed:   167
TOTAL DRC Results Generated:     0 (0)
